JetBrains Amper version 0.9.2 (80094bb, 2025-12-11)
running on Windows 11 10.0 jvm arch amd64

00:01.961 INFO  :server:compileJvm        JvmCompileTask            Compiling module 'server' for platform 'jvm'...
00:04.537 ERROR :server:compileJvm        KotlinBuildToolsApiKt     file:///C:/Users/19866/Desktop/2850/2850-Physical-Fitness-Webapp-frontend-backend-link/server/src/Routing.kt:308:13 Cannot infer type for type parameter 'T'. Specify it explicitly.
00:04.541 ERROR :server:compileJvm        KotlinBuildToolsApiKt     file:///C:/Users/19866/Desktop/2850/2850-Physical-Fitness-Webapp-frontend-backend-link/server/src/Routing.kt:309:17 Unresolved reference 'ActivityRecordTable'.
00:04.542 ERROR :server:compileJvm        KotlinBuildToolsApiKt     file:///C:/Users/19866/Desktop/2850/2850-Physical-Fitness-Webapp-frontend-backend-link/server/src/Routing.kt:310:21 Unresolved reference 'it'.
00:04.544 ERROR :server:compileJvm        KotlinBuildToolsApiKt     file:///C:/Users/19866/Desktop/2850/2850-Physical-Fitness-Webapp-frontend-backend-link/server/src/Routing.kt:310:24 Unresolved reference 'userId'.
00:04.545 ERROR :server:compileJvm        KotlinBuildToolsApiKt     file:///C:/Users/19866/Desktop/2850/2850-Physical-Fitness-Webapp-frontend-backend-link/server/src/Routing.kt:311:21 Unresolved reference 'it'.
00:04.547 ERROR :server:compileJvm        KotlinBuildToolsApiKt     file:///C:/Users/19866/Desktop/2850/2850-Physical-Fitness-Webapp-frontend-backend-link/server/src/Routing.kt:311:24 Unresolved reference 'ActivityRecordTable'.
00:04.549 ERROR :server:compileJvm        KotlinBuildToolsApiKt     file:///C:/Users/19866/Desktop/2850/2850-Physical-Fitness-Webapp-frontend-backend-link/server/src/Routing.kt:312:21 Unresolved reference 'it'.
00:04.551 ERROR :server:compileJvm        KotlinBuildToolsApiKt     file:///C:/Users/19866/Desktop/2850/2850-Physical-Fitness-Webapp-frontend-backend-link/server/src/Routing.kt:312:24 Unresolved reference 'ActivityRecordTable'.
00:04.553 ERROR :server:compileJvm        KotlinBuildToolsApiKt     file:///C:/Users/19866/Desktop/2850/2850-Physical-Fitness-Webapp-frontend-backend-link/server/src/Routing.kt:313:21 Unresolved reference 'it'.
00:04.555 ERROR :server:compileJvm        KotlinBuildToolsApiKt     file:///C:/Users/19866/Desktop/2850/2850-Physical-Fitness-Webapp-frontend-backend-link/server/src/Routing.kt:313:24 Unresolved reference 'ActivityRecordTable'.
00:04.556 ERROR :server:compileJvm        KotlinBuildToolsApiKt     file:///C:/Users/19866/Desktop/2850/2850-Physical-Fitness-Webapp-frontend-backend-link/server/src/Routing.kt:314:21 Unresolved reference 'it'.
00:04.558 ERROR :server:compileJvm        KotlinBuildToolsApiKt     file:///C:/Users/19866/Desktop/2850/2850-Physical-Fitness-Webapp-frontend-backend-link/server/src/Routing.kt:314:24 Unresolved reference 'ActivityRecordTable'.
00:04.559 ERROR :server:compileJvm        KotlinBuildToolsApiKt     file:///C:/Users/19866/Desktop/2850/2850-Physical-Fitness-Webapp-frontend-backend-link/server/src/Routing.kt:315:21 Unresolved reference 'it'.
00:04.560 ERROR :server:compileJvm        KotlinBuildToolsApiKt     file:///C:/Users/19866/Desktop/2850/2850-Physical-Fitness-Webapp-frontend-backend-link/server/src/Routing.kt:315:24 Unresolved reference 'ActivityRecordTable'.
00:04.562 ERROR :server:compileJvm        KotlinBuildToolsApiKt     file:///C:/Users/19866/Desktop/2850/2850-Physical-Fitness-Webapp-frontend-backend-link/server/src/Routing.kt:316:21 Unresolved reference 'it'.
00:04.563 ERROR :server:compileJvm        KotlinBuildToolsApiKt     file:///C:/Users/19866/Desktop/2850/2850-Physical-Fitness-Webapp-frontend-backend-link/server/src/Routing.kt:316:24 Unresolved reference 'createdAt'.
00:04.565 ERROR :server:compileJvm        KotlinBuildToolsApiKt     file:///C:/Users/19866/Desktop/2850/2850-Physical-Fitness-Webapp-frontend-backend-link/server/src/Routing.kt:342:24 Cannot infer type for type parameter 'T'. Specify it explicitly.
00:04.567 ERROR :server:compileJvm        KotlinBuildToolsApiKt     file:///C:/Users/19866/Desktop/2850/2850-Physical-Fitness-Webapp-frontend-backend-link/server/src/Routing.kt:343:17 Unresolved reference 'ActivityRecordTable'.
00:04.567 ERROR :server:compileJvm        KotlinBuildToolsApiKt     file:///C:/Users/19866/Desktop/2850/2850-Physical-Fitness-Webapp-frontend-backend-link/server/src/Routing.kt:344:30 Unresolved reference 'ActivityRecordTable'.
00:04.570 ERROR :server:compileJvm        KotlinBuildToolsApiKt     file:///C:/Users/19866/Desktop/2850/2850-Physical-Fitness-Webapp-frontend-backend-link/server/src/Routing.kt:345:22 Cannot infer type for type parameter 'R'. Specify it explicitly.
00:04.571 ERROR :server:compileJvm        KotlinBuildToolsApiKt     file:///C:/Users/19866/Desktop/2850/2850-Physical-Fitness-Webapp-frontend-backend-link/server/src/Routing.kt:345:26 Cannot infer type for type parameter 'R'. Specify it explicitly.
00:04.572 ERROR :server:compileJvm        KotlinBuildToolsApiKt     file:///C:/Users/19866/Desktop/2850/2850-Physical-Fitness-Webapp-frontend-backend-link/server/src/Routing.kt:346:25 Cannot infer type for type parameter 'V'. Specify it explicitly.
00:04.573 ERROR :server:compileJvm        KotlinBuildToolsApiKt     file:///C:/Users/19866/Desktop/2850/2850-Physical-Fitness-Webapp-frontend-backend-link/server/src/Routing.kt:347:34 Cannot infer type for type parameter 'B'. Specify it explicitly.
00:04.574 ERROR :server:compileJvm        KotlinBuildToolsApiKt     file:///C:/Users/19866/Desktop/2850/2850-Physical-Fitness-Webapp-frontend-backend-link/server/src/Routing.kt:347:37 Cannot infer type for type parameter 'T'. Specify it explicitly.
00:04.575 ERROR :server:compileJvm        KotlinBuildToolsApiKt     file:///C:/Users/19866/Desktop/2850/2850-Physical-Fitness-Webapp-frontend-backend-link/server/src/Routing.kt:347:40 Unresolved reference 'ActivityRecordTable'.
00:04.575 ERROR :server:compileJvm        KotlinBuildToolsApiKt     file:///C:/Users/19866/Desktop/2850/2850-Physical-Fitness-Webapp-frontend-backend-link/server/src/Routing.kt:347:64 Unresolved reference 'value'.
00:04.577 ERROR :server:compileJvm        KotlinBuildToolsApiKt     file:///C:/Users/19866/Desktop/2850/2850-Physical-Fitness-Webapp-frontend-backend-link/server/src/Routing.kt:348:44 Cannot infer type for type parameter 'B'. Specify it explicitly.
00:04.578 ERROR :server:compileJvm        KotlinBuildToolsApiKt     file:///C:/Users/19866/Desktop/2850/2850-Physical-Fitness-Webapp-frontend-backend-link/server/src/Routing.kt:348:47 Cannot infer type for type parameter 'T'. Specify it explicitly.
00:04.579 ERROR :server:compileJvm        KotlinBuildToolsApiKt     file:///C:/Users/19866/Desktop/2850/2850-Physical-Fitness-Webapp-frontend-backend-link/server/src/Routing.kt:348:50 Unresolved reference 'ActivityRecordTable'.
00:04.579 ERROR :server:compileJvm        KotlinBuildToolsApiKt     file:///C:/Users/19866/Desktop/2850/2850-Physical-Fitness-Webapp-frontend-backend-link/server/src/Routing.kt:349:44 Cannot infer type for type parameter 'B'. Specify it explicitly.
00:04.580 ERROR :server:compileJvm        KotlinBuildToolsApiKt     file:///C:/Users/19866/Desktop/2850/2850-Physical-Fitness-Webapp-frontend-backend-link/server/src/Routing.kt:349:47 Cannot infer type for type parameter 'T'. Specify it explicitly.
00:04.581 ERROR :server:compileJvm        KotlinBuildToolsApiKt     file:///C:/Users/19866/Desktop/2850/2850-Physical-Fitness-Webapp-frontend-backend-link/server/src/Routing.kt:349:50 Unresolved reference 'ActivityRecordTable'.
00:04.582 ERROR :server:compileJvm        KotlinBuildToolsApiKt     file:///C:/Users/19866/Desktop/2850/2850-Physical-Fitness-Webapp-frontend-backend-link/server/src/Routing.kt:350:47 Cannot infer type for type parameter 'B'. Specify it explicitly.
00:04.583 ERROR :server:compileJvm        KotlinBuildToolsApiKt     file:///C:/Users/19866/Desktop/2850/2850-Physical-Fitness-Webapp-frontend-backend-link/server/src/Routing.kt:350:50 Cannot infer type for type parameter 'T'. Specify it explicitly.
00:04.584 ERROR :server:compileJvm        KotlinBuildToolsApiKt     file:///C:/Users/19866/Desktop/2850/2850-Physical-Fitness-Webapp-frontend-backend-link/server/src/Routing.kt:350:53 Unresolved reference 'ActivityRecordTable'.
00:04.584 ERROR :server:compileJvm        KotlinBuildToolsApiKt     file:///C:/Users/19866/Desktop/2850/2850-Physical-Fitness-Webapp-frontend-backend-link/server/src/Routing.kt:351:42 Cannot infer type for type parameter 'B'. Specify it explicitly.
00:04.585 ERROR :server:compileJvm        KotlinBuildToolsApiKt     file:///C:/Users/19866/Desktop/2850/2850-Physical-Fitness-Webapp-frontend-backend-link/server/src/Routing.kt:351:45 Cannot infer type for type parameter 'T'. Specify it explicitly.
00:04.586 ERROR :server:compileJvm        KotlinBuildToolsApiKt     file:///C:/Users/19866/Desktop/2850/2850-Physical-Fitness-Webapp-frontend-backend-link/server/src/Routing.kt:351:48 Unresolved reference 'ActivityRecordTable'.
00:04.586 ERROR :server:compileJvm        KotlinBuildToolsApiKt     file:///C:/Users/19866/Desktop/2850/2850-Physical-Fitness-Webapp-frontend-backend-link/server/src/Routing.kt:352:37 Cannot infer type for type parameter 'B'. Specify it explicitly.
00:04.588 ERROR :server:compileJvm        KotlinBuildToolsApiKt     file:///C:/Users/19866/Desktop/2850/2850-Physical-Fitness-Webapp-frontend-backend-link/server/src/Routing.kt:352:40 Cannot infer type for type parameter 'T'. Specify it explicitly.
00:04.589 ERROR :server:compileJvm        KotlinBuildToolsApiKt     file:///C:/Users/19866/Desktop/2850/2850-Physical-Fitness-Webapp-frontend-backend-link/server/src/Routing.kt:352:43 Unresolved reference 'ActivityRecordTable'.
00:04.590 ERROR :server:compileJvm        KotlinBuildToolsApiKt     file:///C:/Users/19866/Desktop/2850/2850-Physical-Fitness-Webapp-frontend-backend-link/server/src/Routing.kt:353:41 Cannot infer type for type parameter 'B'. Specify it explicitly.
00:04.591 ERROR :server:compileJvm        KotlinBuildToolsApiKt     file:///C:/Users/19866/Desktop/2850/2850-Physical-Fitness-Webapp-frontend-backend-link/server/src/Routing.kt:353:44 Cannot infer type for type parameter 'T'. Specify it explicitly.
00:04.592 ERROR :server:compileJvm        KotlinBuildToolsApiKt     file:///C:/Users/19866/Desktop/2850/2850-Physical-Fitness-Webapp-frontend-backend-link/server/src/Routing.kt:353:47 Unresolved reference 'ActivityRecordTable'.
