JetBrains Amper version 0.9.2 (80094bb, 2025-12-11)
running on Windows 11 10.0 jvm arch amd64

00:02.012 INFO  :server:compileJvm        JvmCompileTask            Compiling module 'server' for platform 'jvm'...
00:04.738 ERROR :server:compileJvm        KotlinBuildToolsApiKt     file:///C:/Users/19866/Desktop/2850/2850-Physical-Fitness-Webapp-frontend-backend-link/server/src/Routing.kt:308:13 Cannot infer type for type parameter 'T'. Specify it explicitly.
00:04.740 ERROR :server:compileJvm        KotlinBuildToolsApiKt     file:///C:/Users/19866/Desktop/2850/2850-Physical-Fitness-Webapp-frontend-backend-link/server/src/Routing.kt:309:17 Unresolved reference 'ActivityRecordTable'.
00:04.743 ERROR :server:compileJvm        KotlinBuildToolsApiKt     file:///C:/Users/19866/Desktop/2850/2850-Physical-Fitness-Webapp-frontend-backend-link/server/src/Routing.kt:310:21 Unresolved reference 'it'.
00:04.745 ERROR :server:compileJvm        KotlinBuildToolsApiKt     file:///C:/Users/19866/Desktop/2850/2850-Physical-Fitness-Webapp-frontend-backend-link/server/src/Routing.kt:310:24 Unresolved reference 'userId'.
00:04.746 ERROR :server:compileJvm        KotlinBuildToolsApiKt     file:///C:/Users/19866/Desktop/2850/2850-Physical-Fitness-Webapp-frontend-backend-link/server/src/Routing.kt:311:21 Unresolved reference 'it'.
00:04.747 ERROR :server:compileJvm        KotlinBuildToolsApiKt     file:///C:/Users/19866/Desktop/2850/2850-Physical-Fitness-Webapp-frontend-backend-link/server/src/Routing.kt:311:24 Unresolved reference 'ActivityRecordTable'.
00:04.749 ERROR :server:compileJvm        KotlinBuildToolsApiKt     file:///C:/Users/19866/Desktop/2850/2850-Physical-Fitness-Webapp-frontend-backend-link/server/src/Routing.kt:312:21 Unresolved reference 'it'.
00:04.750 ERROR :server:compileJvm        KotlinBuildToolsApiKt     file:///C:/Users/19866/Desktop/2850/2850-Physical-Fitness-Webapp-frontend-backend-link/server/src/Routing.kt:312:24 Unresolved reference 'ActivityRecordTable'.
00:04.752 ERROR :server:compileJvm        KotlinBuildToolsApiKt     file:///C:/Users/19866/Desktop/2850/2850-Physical-Fitness-Webapp-frontend-backend-link/server/src/Routing.kt:313:21 Unresolved reference 'it'.
00:04.754 ERROR :server:compileJvm        KotlinBuildToolsApiKt     file:///C:/Users/19866/Desktop/2850/2850-Physical-Fitness-Webapp-frontend-backend-link/server/src/Routing.kt:313:24 Unresolved reference 'ActivityRecordTable'.
00:04.755 ERROR :server:compileJvm        KotlinBuildToolsApiKt     file:///C:/Users/19866/Desktop/2850/2850-Physical-Fitness-Webapp-frontend-backend-link/server/src/Routing.kt:314:21 Unresolved reference 'it'.
00:04.757 ERROR :server:compileJvm        KotlinBuildToolsApiKt     file:///C:/Users/19866/Desktop/2850/2850-Physical-Fitness-Webapp-frontend-backend-link/server/src/Routing.kt:314:24 Unresolved reference 'ActivityRecordTable'.
00:04.758 ERROR :server:compileJvm        KotlinBuildToolsApiKt     file:///C:/Users/19866/Desktop/2850/2850-Physical-Fitness-Webapp-frontend-backend-link/server/src/Routing.kt:315:21 Unresolved reference 'it'.
00:04.760 ERROR :server:compileJvm        KotlinBuildToolsApiKt     file:///C:/Users/19866/Desktop/2850/2850-Physical-Fitness-Webapp-frontend-backend-link/server/src/Routing.kt:315:24 Unresolved reference 'ActivityRecordTable'.
00:04.761 ERROR :server:compileJvm        KotlinBuildToolsApiKt     file:///C:/Users/19866/Desktop/2850/2850-Physical-Fitness-Webapp-frontend-backend-link/server/src/Routing.kt:316:21 Unresolved reference 'it'.
00:04.763 ERROR :server:compileJvm        KotlinBuildToolsApiKt     file:///C:/Users/19866/Desktop/2850/2850-Physical-Fitness-Webapp-frontend-backend-link/server/src/Routing.kt:316:24 Unresolved reference 'createdAt'.
00:04.764 ERROR :server:compileJvm        KotlinBuildToolsApiKt     file:///C:/Users/19866/Desktop/2850/2850-Physical-Fitness-Webapp-frontend-backend-link/server/src/Routing.kt:342:24 Cannot infer type for type parameter 'T'. Specify it explicitly.
00:04.765 ERROR :server:compileJvm        KotlinBuildToolsApiKt     file:///C:/Users/19866/Desktop/2850/2850-Physical-Fitness-Webapp-frontend-backend-link/server/src/Routing.kt:343:17 Unresolved reference 'ActivityRecordTable'.
00:04.766 ERROR :server:compileJvm        KotlinBuildToolsApiKt     file:///C:/Users/19866/Desktop/2850/2850-Physical-Fitness-Webapp-frontend-backend-link/server/src/Routing.kt:344:30 Unresolved reference 'ActivityRecordTable'.
00:04.767 ERROR :server:compileJvm        KotlinBuildToolsApiKt     file:///C:/Users/19866/Desktop/2850/2850-Physical-Fitness-Webapp-frontend-backend-link/server/src/Routing.kt:345:22 Cannot infer type for type parameter 'R'. Specify it explicitly.
00:04.768 ERROR :server:compileJvm        KotlinBuildToolsApiKt     file:///C:/Users/19866/Desktop/2850/2850-Physical-Fitness-Webapp-frontend-backend-link/server/src/Routing.kt:345:26 Cannot infer type for type parameter 'R'. Specify it explicitly.
00:04.771 ERROR :server:compileJvm        KotlinBuildToolsApiKt     file:///C:/Users/19866/Desktop/2850/2850-Physical-Fitness-Webapp-frontend-backend-link/server/src/Routing.kt:346:25 Cannot infer type for type parameter 'V'. Specify it explicitly.
00:04.772 ERROR :server:compileJvm        KotlinBuildToolsApiKt     file:///C:/Users/19866/Desktop/2850/2850-Physical-Fitness-Webapp-frontend-backend-link/server/src/Routing.kt:347:34 Cannot infer type for type parameter 'B'. Specify it explicitly.
00:04.773 ERROR :server:compileJvm        KotlinBuildToolsApiKt     file:///C:/Users/19866/Desktop/2850/2850-Physical-Fitness-Webapp-frontend-backend-link/server/src/Routing.kt:347:37 Cannot infer type for type parameter 'T'. Specify it explicitly.
00:04.773 ERROR :server:compileJvm        KotlinBuildToolsApiKt     file:///C:/Users/19866/Desktop/2850/2850-Physical-Fitness-Webapp-frontend-backend-link/server/src/Routing.kt:347:40 Unresolved reference 'ActivityRecordTable'.
00:04.775 ERROR :server:compileJvm        KotlinBuildToolsApiKt     file:///C:/Users/19866/Desktop/2850/2850-Physical-Fitness-Webapp-frontend-backend-link/server/src/Routing.kt:347:64 Unresolved reference 'value'.
00:04.776 ERROR :server:compileJvm        KotlinBuildToolsApiKt     file:///C:/Users/19866/Desktop/2850/2850-Physical-Fitness-Webapp-frontend-backend-link/server/src/Routing.kt:348:44 Cannot infer type for type parameter 'B'. Specify it explicitly.
00:04.776 ERROR :server:compileJvm        KotlinBuildToolsApiKt     file:///C:/Users/19866/Desktop/2850/2850-Physical-Fitness-Webapp-frontend-backend-link/server/src/Routing.kt:348:47 Cannot infer type for type parameter 'T'. Specify it explicitly.
00:04.777 ERROR :server:compileJvm        KotlinBuildToolsApiKt     file:///C:/Users/19866/Desktop/2850/2850-Physical-Fitness-Webapp-frontend-backend-link/server/src/Routing.kt:348:50 Unresolved reference 'ActivityRecordTable'.
00:04.778 ERROR :server:compileJvm        KotlinBuildToolsApiKt     file:///C:/Users/19866/Desktop/2850/2850-Physical-Fitness-Webapp-frontend-backend-link/server/src/Routing.kt:349:44 Cannot infer type for type parameter 'B'. Specify it explicitly.
00:04.779 ERROR :server:compileJvm        KotlinBuildToolsApiKt     file:///C:/Users/19866/Desktop/2850/2850-Physical-Fitness-Webapp-frontend-backend-link/server/src/Routing.kt:349:47 Cannot infer type for type parameter 'T'. Specify it explicitly.
00:04.780 ERROR :server:compileJvm        KotlinBuildToolsApiKt     file:///C:/Users/19866/Desktop/2850/2850-Physical-Fitness-Webapp-frontend-backend-link/server/src/Routing.kt:349:50 Unresolved reference 'ActivityRecordTable'.
00:04.780 ERROR :server:compileJvm        KotlinBuildToolsApiKt     file:///C:/Users/19866/Desktop/2850/2850-Physical-Fitness-Webapp-frontend-backend-link/server/src/Routing.kt:350:47 Cannot infer type for type parameter 'B'. Specify it explicitly.
00:04.781 ERROR :server:compileJvm        KotlinBuildToolsApiKt     file:///C:/Users/19866/Desktop/2850/2850-Physical-Fitness-Webapp-frontend-backend-link/server/src/Routing.kt:350:50 Cannot infer type for type parameter 'T'. Specify it explicitly.
00:04.782 ERROR :server:compileJvm        KotlinBuildToolsApiKt     file:///C:/Users/19866/Desktop/2850/2850-Physical-Fitness-Webapp-frontend-backend-link/server/src/Routing.kt:350:53 Unresolved reference 'ActivityRecordTable'.
00:04.784 ERROR :server:compileJvm        KotlinBuildToolsApiKt     file:///C:/Users/19866/Desktop/2850/2850-Physical-Fitness-Webapp-frontend-backend-link/server/src/Routing.kt:351:42 Cannot infer type for type parameter 'B'. Specify it explicitly.
00:04.784 ERROR :server:compileJvm        KotlinBuildToolsApiKt     file:///C:/Users/19866/Desktop/2850/2850-Physical-Fitness-Webapp-frontend-backend-link/server/src/Routing.kt:351:45 Cannot infer type for type parameter 'T'. Specify it explicitly.
00:04.785 ERROR :server:compileJvm        KotlinBuildToolsApiKt     file:///C:/Users/19866/Desktop/2850/2850-Physical-Fitness-Webapp-frontend-backend-link/server/src/Routing.kt:351:48 Unresolved reference 'ActivityRecordTable'.
00:04.786 ERROR :server:compileJvm        KotlinBuildToolsApiKt     file:///C:/Users/19866/Desktop/2850/2850-Physical-Fitness-Webapp-frontend-backend-link/server/src/Routing.kt:352:37 Cannot infer type for type parameter 'B'. Specify it explicitly.
00:04.787 ERROR :server:compileJvm        KotlinBuildToolsApiKt     file:///C:/Users/19866/Desktop/2850/2850-Physical-Fitness-Webapp-frontend-backend-link/server/src/Routing.kt:352:40 Cannot infer type for type parameter 'T'. Specify it explicitly.
00:04.788 ERROR :server:compileJvm        KotlinBuildToolsApiKt     file:///C:/Users/19866/Desktop/2850/2850-Physical-Fitness-Webapp-frontend-backend-link/server/src/Routing.kt:352:43 Unresolved reference 'ActivityRecordTable'.
00:04.789 ERROR :server:compileJvm        KotlinBuildToolsApiKt     file:///C:/Users/19866/Desktop/2850/2850-Physical-Fitness-Webapp-frontend-backend-link/server/src/Routing.kt:353:41 Cannot infer type for type parameter 'B'. Specify it explicitly.
00:04.790 ERROR :server:compileJvm        KotlinBuildToolsApiKt     file:///C:/Users/19866/Desktop/2850/2850-Physical-Fitness-Webapp-frontend-backend-link/server/src/Routing.kt:353:44 Cannot infer type for type parameter 'T'. Specify it explicitly.
00:04.791 ERROR :server:compileJvm        KotlinBuildToolsApiKt     file:///C:/Users/19866/Desktop/2850/2850-Physical-Fitness-Webapp-frontend-backend-link/server/src/Routing.kt:353:47 Unresolved reference 'ActivityRecordTable'.
