JetBrains Amper version 0.9.2 (80094bb, 2025-12-11)
running on Windows 11 10.0 jvm arch amd64

00:02.003 INFO  :server:compileJvm        JvmCompileTask            Compiling module 'server' for platform 'jvm'...
00:04.326 ERROR :server:compileJvm        KotlinBuildToolsApiKt     file:///C:/Users/19866/Desktop/2850/2850-Physical-Fitness-Webapp-frontend-backend-link/server/src/Application.kt:12:5 Unresolved reference 'configureRouting'.
00:04.327 ERROR :server:compileJvm        KotlinBuildToolsApiKt     file:///C:/Users/19866/Desktop/2850/2850-Physical-Fitness-Webapp-frontend-backend-link/server/src/Routing.kt:10:1 Syntax error: Expecting a top level declaration.
00:04.328 ERROR :server:compileJvm        KotlinBuildToolsApiKt     file:///C:/Users/19866/Desktop/2850/2850-Physical-Fitness-Webapp-frontend-backend-link/server/src/Routing.kt:10:4 Syntax error: Expecting a top level declaration.
00:04.330 ERROR :server:compileJvm        KotlinBuildToolsApiKt     file:///C:/Users/19866/Desktop/2850/2850-Physical-Fitness-Webapp-frontend-backend-link/server/src/Routing.kt:10:5 Syntax error: Expecting a top level declaration.
00:04.331 ERROR :server:compileJvm        KotlinBuildToolsApiKt     file:///C:/Users/19866/Desktop/2850/2850-Physical-Fitness-Webapp-frontend-backend-link/server/src/Routing.kt:10:6 Syntax error: Expecting a top level declaration.
00:04.332 ERROR :server:compileJvm        KotlinBuildToolsApiKt     file:///C:/Users/19866/Desktop/2850/2850-Physical-Fitness-Webapp-frontend-backend-link/server/src/Routing.kt:10:7 Syntax error: Expecting a top level declaration.
00:04.333 ERROR :server:compileJvm        KotlinBuildToolsApiKt     file:///C:/Users/19866/Desktop/2850/2850-Physical-Fitness-Webapp-frontend-backend-link/server/src/Routing.kt:10:8 Syntax error: Expecting a top level declaration.
00:04.334 ERROR :server:compileJvm        KotlinBuildToolsApiKt     file:///C:/Users/19866/Desktop/2850/2850-Physical-Fitness-Webapp-frontend-backend-link/server/src/Routing.kt:10:10 Syntax error: Expecting a top level declaration.
00:04.335 ERROR :server:compileJvm        KotlinBuildToolsApiKt     file:///C:/Users/19866/Desktop/2850/2850-Physical-Fitness-Webapp-frontend-backend-link/server/src/Routing.kt:10:10 Function declaration must have a name.
00:04.336 ERROR :server:compileJvm        KotlinBuildToolsApiKt     file:///C:/Users/19866/Desktop/2850/2850-Physical-Fitness-Webapp-frontend-backend-link/server/src/Routing.kt:11:5 Unresolved reference 'call'.
00:04.337 ERROR :server:compileJvm        KotlinBuildToolsApiKt     file:///C:/Users/19866/Desktop/2850/2850-Physical-Fitness-Webapp-frontend-backend-link/server/src/Routing.kt:11:10 Suspend function 'suspend fun ApplicationCall.respondFile(file: File, configure: OutgoingContent.() -> Unit = ...): Unit' can only be called from a coroutine or another suspend function.
00:04.339 ERROR :server:compileJvm        KotlinBuildToolsApiKt     file:///C:/Users/19866/Desktop/2850/2850-Physical-Fitness-Webapp-frontend-backend-link/server/src/Routing.kt:14:1 Syntax error: Expecting a top level declaration.
00:04.340 ERROR :server:compileJvm        KotlinBuildToolsApiKt     file:///C:/Users/19866/Desktop/2850/2850-Physical-Fitness-Webapp-frontend-backend-link/server/src/Routing.kt:14:4 Syntax error: Expecting a top level declaration.
00:04.341 ERROR :server:compileJvm        KotlinBuildToolsApiKt     file:///C:/Users/19866/Desktop/2850/2850-Physical-Fitness-Webapp-frontend-backend-link/server/src/Routing.kt:14:5 Syntax error: Expecting a top level declaration.
00:04.342 ERROR :server:compileJvm        KotlinBuildToolsApiKt     file:///C:/Users/19866/Desktop/2850/2850-Physical-Fitness-Webapp-frontend-backend-link/server/src/Routing.kt:14:6 Syntax error: Expecting a top level declaration.
00:04.343 ERROR :server:compileJvm        KotlinBuildToolsApiKt     file:///C:/Users/19866/Desktop/2850/2850-Physical-Fitness-Webapp-frontend-backend-link/server/src/Routing.kt:14:12 Syntax error: Expecting a top level declaration.
00:04.344 ERROR :server:compileJvm        KotlinBuildToolsApiKt     file:///C:/Users/19866/Desktop/2850/2850-Physical-Fitness-Webapp-frontend-backend-link/server/src/Routing.kt:14:13 Syntax error: Expecting a top level declaration.
00:04.345 ERROR :server:compileJvm        KotlinBuildToolsApiKt     file:///C:/Users/19866/Desktop/2850/2850-Physical-Fitness-Webapp-frontend-backend-link/server/src/Routing.kt:14:15 Syntax error: Expecting a top level declaration.
00:04.347 ERROR :server:compileJvm        KotlinBuildToolsApiKt     file:///C:/Users/19866/Desktop/2850/2850-Physical-Fitness-Webapp-frontend-backend-link/server/src/Routing.kt:14:15 Function declaration must have a name.
00:04.348 ERROR :server:compileJvm        KotlinBuildToolsApiKt     file:///C:/Users/19866/Desktop/2850/2850-Physical-Fitness-Webapp-frontend-backend-link/server/src/Routing.kt:15:5 Unresolved reference 'call'.
00:04.349 ERROR :server:compileJvm        KotlinBuildToolsApiKt     file:///C:/Users/19866/Desktop/2850/2850-Physical-Fitness-Webapp-frontend-backend-link/server/src/Routing.kt:15:10 Suspend function 'suspend fun ApplicationCall.respondFile(file: File, configure: OutgoingContent.() -> Unit = ...): Unit' can only be called from a coroutine or another suspend function.
00:04.350 ERROR :server:compileJvm        KotlinBuildToolsApiKt     file:///C:/Users/19866/Desktop/2850/2850-Physical-Fitness-Webapp-frontend-backend-link/server/src/Routing.kt:18:1 Syntax error: Expecting a top level declaration.
00:04.351 ERROR :server:compileJvm        KotlinBuildToolsApiKt     file:///C:/Users/19866/Desktop/2850/2850-Physical-Fitness-Webapp-frontend-backend-link/server/src/Routing.kt:18:4 Syntax error: Expecting a top level declaration.
00:04.352 ERROR :server:compileJvm        KotlinBuildToolsApiKt     file:///C:/Users/19866/Desktop/2850/2850-Physical-Fitness-Webapp-frontend-backend-link/server/src/Routing.kt:18:5 Syntax error: Expecting a top level declaration.
00:04.353 ERROR :server:compileJvm        KotlinBuildToolsApiKt     file:///C:/Users/19866/Desktop/2850/2850-Physical-Fitness-Webapp-frontend-backend-link/server/src/Routing.kt:18:6 Syntax error: Expecting a top level declaration.
00:04.355 ERROR :server:compileJvm        KotlinBuildToolsApiKt     file:///C:/Users/19866/Desktop/2850/2850-Physical-Fitness-Webapp-frontend-backend-link/server/src/Routing.kt:18:15 Syntax error: Expecting a top level declaration.
00:04.356 ERROR :server:compileJvm        KotlinBuildToolsApiKt     file:///C:/Users/19866/Desktop/2850/2850-Physical-Fitness-Webapp-frontend-backend-link/server/src/Routing.kt:18:16 Syntax error: Expecting a top level declaration.
00:04.357 ERROR :server:compileJvm        KotlinBuildToolsApiKt     file:///C:/Users/19866/Desktop/2850/2850-Physical-Fitness-Webapp-frontend-backend-link/server/src/Routing.kt:18:18 Syntax error: Expecting a top level declaration.
00:04.358 ERROR :server:compileJvm        KotlinBuildToolsApiKt     file:///C:/Users/19866/Desktop/2850/2850-Physical-Fitness-Webapp-frontend-backend-link/server/src/Routing.kt:18:18 Function declaration must have a name.
00:04.359 ERROR :server:compileJvm        KotlinBuildToolsApiKt     file:///C:/Users/19866/Desktop/2850/2850-Physical-Fitness-Webapp-frontend-backend-link/server/src/Routing.kt:19:5 Unresolved reference 'call'.
00:04.360 ERROR :server:compileJvm        KotlinBuildToolsApiKt     file:///C:/Users/19866/Desktop/2850/2850-Physical-Fitness-Webapp-frontend-backend-link/server/src/Routing.kt:19:10 Suspend function 'suspend fun ApplicationCall.respondFile(file: File, configure: OutgoingContent.() -> Unit = ...): Unit' can only be called from a coroutine or another suspend function.
