JetBrains Amper version 0.9.2 (80094bb, 2025-12-11)
running on Linux 6.8.0-1044-azure jvm arch amd64

00:04.541 DEBUG :database:resolveDependenciesJvm ResolveExternalDependenciesTask resolve dependencies database -- common jvm -- de.mkammerer:argon2-jvm:2.11 org.jetbrains.exposed:exposed-core:1.0.0-rc-4 org.jetbrains.exposed:exposed-dao:1.0.0-rc-4 org.jetbrains.exposed:exposed-jdbc:1.0.0-rc-4 org.jetbrains.kotlin:kotlin-stdlib:2.2.21 -- resolvePlatform=jvm nativeTarget=null wasmTarget=null
00:04.542 DEBUG :server:resolveDependenciesJvm ResolveExternalDependenciesTask resolve dependencies server -- main -- io.ktor:ktor-bom:3.2.3 io.ktor:ktor-server-core:3.2.3 io.ktor:ktor-server-netty:3.2.3 io.ktor:ktor-server-pebble:3.2.3 io.ktor:ktor-server-status-pages:3.2.3 org.jetbrains.exposed:exposed-core:1.0.0-rc-4 org.jetbrains.exposed:exposed-dao:1.0.0-rc-4 org.jetbrains.exposed:exposed-jdbc:1.0.0-rc-4 org.jetbrains.kotlin:kotlin-stdlib:2.2.21 -- resolvePlatform=jvm nativeTarget=null wasmTarget=null
00:04.584 DEBUG :database:resolveDependenciesJvm IncrementalCache          [inc] up-to-date according to state file at '/workspaces/2850-Physical-Fitness-Webapp/build/incremental.state/_database_resolveDependenciesJvm-ad77429442' in 29.664865ms
00:04.589 DEBUG :database:resolveDependenciesJvm IncrementalCache          [inc] ':database:resolveDependenciesJvm' is up-to-date
00:04.592 DEBUG :server:resolveDependenciesJvm IncrementalCache          [inc] up-to-date according to state file at '/workspaces/2850-Physical-Fitness-Webapp/build/incremental.state/_server_resolveDependenciesJvm-a6b66df74c' in 30.847960ms
00:04.593 DEBUG :server:resolveDependenciesJvm IncrementalCache          [inc] ':server:resolveDependenciesJvm' is up-to-date
00:04.601 DEBUG :database:resolveDependenciesJvm ResolveExternalDependenciesTask resolve dependencies database -- common jvm -- de.mkammerer:argon2-jvm:2.11 org.jetbrains.exposed:exposed-core:1.0.0-rc-4 org.jetbrains.exposed:exposed-dao:1.0.0-rc-4 org.jetbrains.exposed:exposed-jdbc:1.0.0-rc-4 org.jetbrains.kotlin:kotlin-stdlib:2.2.21 -- resolvePlatform=JVM nativeTarget=null
wasmTarget=null
https://repo1.maven.org/maven2 https://maven.google.com https://maven.pkg.jetbrains.space/public/p/compose/dev resolved to:
  .m2.cache/org/jetbrains/exposed/exposed-core/1.0.0-rc-4/exposed-core-1.0.0-rc-4.jar
  .m2.cache/org/jetbrains/exposed/exposed-dao/1.0.0-rc-4/exposed-dao-1.0.0-rc-4.jar
  .m2.cache/org/jetbrains/exposed/exposed-jdbc/1.0.0-rc-4/exposed-jdbc-1.0.0-rc-4.jar
  .m2.cache/de/mkammerer/argon2-jvm/2.11/argon2-jvm-2.11.jar
  .m2.cache/org/jetbrains/kotlin/kotlin-stdlib/2.2.21/kotlin-stdlib-2.2.21.jar
  .m2.cache/org/jetbrains/kotlin/kotlin-reflect/2.1.0/kotlin-reflect-2.1.0.jar
  .m2.cache/org/jetbrains/kotlinx/kotlinx-datetime-jvm/0.7.1-0.6.x-compat/kotlinx-datetime-jvm-0.7.1-0.6.x-compat.jar
  .m2.cache/org/slf4j/slf4j-api/2.0.9/slf4j-api-2.0.9.jar
  .m2.cache/de/mkammerer/argon2-jvm-nolibs/2.11/argon2-jvm-nolibs-2.11.jar
  .m2.cache/org/jetbrains/annotations/23.0.0/annotations-23.0.0.jar
  .m2.cache/org/jetbrains/kotlinx/kotlinx-coroutines-core-jvm/1.10.2/kotlinx-coroutines-core-jvm-1.10.2.jar
00:04.604 DEBUG :server:resolveDependenciesJvm ResolveExternalDependenciesTask resolve dependencies server -- main -- io.ktor:ktor-bom:3.2.3 io.ktor:ktor-server-core:3.2.3 io.ktor:ktor-server-netty:3.2.3 io.ktor:ktor-server-pebble:3.2.3 io.ktor:ktor-server-status-pages:3.2.3 org.jetbrains.exposed:exposed-core:1.0.0-rc-4 org.jetbrains.exposed:exposed-dao:1.0.0-rc-4 org.jetbrains.exposed:exposed-jdbc:1.0.0-rc-4 org.jetbrains.kotlin:kotlin-stdlib:2.2.21 -- resolvePlatform=JVM nativeTarget=null
wasmTarget=null
https://repo1.maven.org/maven2 https://maven.google.com https://maven.pkg.jetbrains.space/public/p/compose/dev resolved to:
  .m2.cache/org/jetbrains/exposed/exposed-core/1.0.0-rc-4/exposed-core-1.0.0-rc-4.jar
  .m2.cache/org/jetbrains/exposed/exposed-jdbc/1.0.0-rc-4/exposed-jdbc-1.0.0-rc-4.jar
  .m2.cache/org/jetbrains/exposed/exposed-dao/1.0.0-rc-4/exposed-dao-1.0.0-rc-4.jar
  .m2.cache/org/jetbrains/kotlin/kotlin-stdlib/2.2.21/kotlin-stdlib-2.2.21.jar
  .m2.cache/io/ktor/ktor-server-core-jvm/3.2.3/ktor-server-core-jvm-3.2.3.jar
  .m2.cache/io/ktor/ktor-server-status-pages-jvm/3.2.3/ktor-server-status-pages-jvm-3.2.3.jar
  .m2.cache/io/ktor/ktor-server-netty-jvm/3.2.3/ktor-server-netty-jvm-3.2.3.jar
  .m2.cache/io/ktor/ktor-server-pebble-jvm/3.2.3/ktor-server-pebble-jvm-3.2.3.jar
  .m2.cache/org/jetbrains/kotlin/kotlin-reflect/2.1.21/kotlin-reflect-2.1.21.jar
  .m2.cache/org/jetbrains/kotlinx/kotlinx-datetime-jvm/0.7.1-0.6.x-compat/kotlinx-datetime-jvm-0.7.1-0.6.x-compat.jar
  .m2.cache/org/slf4j/slf4j-api/2.0.17/slf4j-api-2.0.17.jar
  .m2.cache/org/jetbrains/annotations/23.0.0/annotations-23.0.0.jar
  .m2.cache/com/typesafe/config/1.4.3/config-1.4.3.jar
  .m2.cache/io/netty/netty-codec-http2/4.2.2.Final/netty-codec-http2-4.2.2.Final.jar
  .m2.cache/org/eclipse/jetty/alpn/alpn-api/1.1.3.v20160715/alpn-api-1.1.3.v20160715.jar
  .m2.cache/io/netty/netty-transport-native-kqueue/4.2.2.Final/netty-transport-native-kqueue-4.2.2.Final.jar
  .m2.cache/io/netty/netty-transport-native-epoll/4.2.2.Final/netty-transport-native-epoll-4.2.2.Final.jar
  .m2.cache/io/pebbletemplates/pebble/3.2.4/pebble-3.2.4.jar
  .m2.cache/org/jetbrains/kotlinx/kotlinx-coroutines-core-jvm/1.10.2/kotlinx-coroutines-core-jvm-1.10.2.jar
  .m2.cache/io/ktor/ktor-utils-jvm/3.2.3/ktor-utils-jvm-3.2.3.jar
  .m2.cache/io/ktor/ktor-http-jvm/3.2.3/ktor-http-jvm-3.2.3.jar
  .m2.cache/io/ktor/ktor-serialization-jvm/3.2.3/ktor-serialization-jvm-3.2.3.jar
  .m2.cache/io/ktor/ktor-events-jvm/3.2.3/ktor-events-jvm-3.2.3.jar
  .m2.cache/io/ktor/ktor-http-cio-jvm/3.2.3/ktor-http-cio-jvm-3.2.3.jar
  .m2.cache/io/ktor/ktor-websockets-jvm/3.2.3/ktor-websockets-jvm-3.2.3.jar
  .m2.cache/io/netty/netty-common/4.2.2.Final/netty-common-4.2.2.Final.jar
  .m2.cache/io/netty/netty-buffer/4.2.2.Final/netty-buffer-4.2.2.Final.jar
  .m2.cache/io/netty/netty-transport/4.2.2.Final/netty-transport-4.2.2.Final.jar
  .m2.cache/io/netty/netty-codec-base/4.2.2.Final/netty-codec-base-4.2.2.Final.jar
  .m2.cache/io/netty/netty-handler/4.2.2.Final/netty-handler-4.2.2.Final.jar
  .m2.cache/io/netty/netty-codec-http/4.2.2.Final/netty-codec-http-4.2.2.Final.jar
  .m2.cache/io/netty/netty-transport-native-unix-common/4.2.2.Final/netty-transport-native-unix-common-4.2.2.Final.jar
  .m2.cache/io/netty/netty-transport-classes-kqueue/4.2.2.Final/netty-transport-classes-kqueue-4.2.2.Final.jar
  .m2.cache/io/netty/netty-transport-classes-epoll/4.2.2.Final/netty-transport-classes-epoll-4.2.2.Final.jar
  .m2.cache/org/unbescape/unbescape/1.1.6.RELEASE/unbescape-1.1.6.RELEASE.jar
  .m2.cache/io/netty/netty-resolver/4.2.2.Final/netty-resolver-4.2.2.Final.jar
  .m2.cache/io/netty/netty-codec-compression/4.2.2.Final/netty-codec-compression-4.2.2.Final.jar
  .m2.cache/io/ktor/ktor-io-jvm/3.2.3/ktor-io-jvm-3.2.3.jar
  .m2.cache/org/jetbrains/kotlinx/kotlinx-serialization-core-jvm/1.8.1/kotlinx-serialization-core-jvm-1.8.1.jar
  .m2.cache/io/ktor/ktor-network-jvm/3.2.3/ktor-network-jvm-3.2.3.jar
  .m2.cache/org/jetbrains/kotlinx/kotlinx-io-core-jvm/0.7.0/kotlinx-io-core-jvm-0.7.0.jar
  .m2.cache/org/jetbrains/kotlinx/kotlinx-io-bytestring-jvm/0.7.0/kotlinx-io-bytestring-jvm-0.7.0.jar
00:04.630 DEBUG :database:compileJvm      JvmCompileTask            compile database -- common jvm
00:05.207 DEBUG :database:compileJvm      ExtractKt                 Skipping extract to /home/codespace/.cache/JetBrains/Amper/extract.cache/b1fa834a91-amazon-corretto-21.0.1.12.1-linux-x64.tar.gz.720fe1.d since flag file /home/codespace/.cache/JetBrains/Amper/extract.cache/b1fa834a91-amazon-corretto-21.0.1.12.1-linux-x64.tar.gz.720fe1.d.flag is correct
00:05.241 DEBUG :database:compileJvm      IncrementalCache          [inc] up-to-date according to state file at '/workspaces/2850-Physical-Fitness-Webapp/build/incremental.state/_database_compileJvm-222e93d7b1' in 11.040323ms
00:05.241 DEBUG :database:compileJvm      IncrementalCache          [inc] ':database:compileJvm' is up-to-date
00:05.245 DEBUG :server:compileJvm        JvmCompileTask            compile server -- main
00:05.249 DEBUG :server:compileJvm        ExtractKt                 Skipping extract to /home/codespace/.cache/JetBrains/Amper/extract.cache/b1fa834a91-amazon-corretto-21.0.1.12.1-linux-x64.tar.gz.720fe1.d since flag file /home/codespace/.cache/JetBrains/Amper/extract.cache/b1fa834a91-amazon-corretto-21.0.1.12.1-linux-x64.tar.gz.720fe1.d.flag is correct
00:05.264 DEBUG :database:jarJvm          IncrementalCache          [inc] up-to-date according to state file at '/workspaces/2850-Physical-Fitness-Webapp/build/incremental.state/_database_jarJvm-240945cbdb' in 6.565115ms
00:05.269 DEBUG :database:jarJvm          IncrementalCache          [inc] ':database:jarJvm' is up-to-date
00:05.274 DEBUG :server:compileJvm        IncrementalCache          [inc] up-to-date according to state file at '/workspaces/2850-Physical-Fitness-Webapp/build/incremental.state/_server_compileJvm-49f71830a8' in 23.420813ms
00:05.274 DEBUG :server:compileJvm        IncrementalCache          [inc] ':server:compileJvm' is up-to-date
00:05.303 DEBUG :server:jarJvm            IncrementalCache          [inc] up-to-date according to state file at '/workspaces/2850-Physical-Fitness-Webapp/build/incremental.state/_server_jarJvm-7d67d65cce' in 6.988224ms
00:05.304 DEBUG :server:jarJvm            IncrementalCache          [inc] ':server:jarJvm' is up-to-date
00:05.312 DEBUG :server:runJvm            ExtractKt                 Skipping extract to /home/codespace/.cache/JetBrains/Amper/extract.cache/b1fa834a91-amazon-corretto-21.0.1.12.1-linux-x64.tar.gz.720fe1.d since flag file /home/codespace/.cache/JetBrains/Amper/extract.cache/b1fa834a91-amazon-corretto-21.0.1.12.1-linux-x64.tar.gz.720fe1.d.flag is correct
00:05.347 DEBUG :server:runJvm            BuildPrimitives           [cmd] /home/codespace/.cache/JetBrains/Amper/extract.cache/b1fa834a91-amazon-corretto-21.0.1.12.1-linux-x64.tar.gz.720fe1.d/bin/java @/workspaces/2850-Physical-Fitness-Webapp/build/temp/java-args-1775336593003376089.txt
